Klosterbrauhaus Ursberg|Germany
Liefmans Breweries|Belgium
Thunder Mountain Brewery|United States
Titanic Brewing|United States
