Vittoria Dubowitz|Altbier
Vittoria Dubowitz|Amber Ale
Vittoria Dubowitz|Pale Ale
Vittoria Dubowitz|Wheat Bier
