Belgium|83
Canada|36
Germany|131
Switzerland|28
United Kingdom|72
United States|836
